                                                                      
How long should the keys be valid for?                                
                                                                      
Duration in days:                                                     
> Length of time                                                      
                                                                      