╭──Status────────────────────────────────────────────────────────────────────────────────╮
│ Latest Round: 1337                                                             SYNCING │
│                                                                                        │
│ -- 0 round average --                                                                  │
│ Round time: --                                                                0 B/s TX │
│ TPS: --                                                                       0 B/s RX │
╰────────────────────────────────────────────────────────────────────────────────────────╯