╭────────────────────────────────────────────────────────────────────────────────────────╮
│ Latest Round: 1337                                                             SYNCING │
│                                                                                        │
│ -- 0 round average --                                                                  │
│ Round time: 0.00s                                                            0 KB/s TX │
│ TPS: 0.00                                                                    0 KB/s RX │
╰────────────────────────────────────────────────────────────────────────────────────────╯