                                                          
 Are you sure you want to delete this key from your node? 
                                                          
                     Account Address:                     
                            ABC                           
                                                          
                    Participation Key:                    
                            123                           
                                                          