 Sign this transaction to register your account keys:
                                                     
Mobile QR is available but it does not fit on screen.
 Adjust terminal dimensions or font size to display. 
                                                     
                         -or-                        
             Click here to sign via Lora.            