             Sign this transaction to register your account keys:            
                                                                             
QR Code too large to display. Please adjust terminal dimensions or font size.
                                     -or-                                    
                         Click here to sign via Lora.                        