Sign this transaction to register your account as online:
                                                         
  Mobile QR is available but it does not fit on screen.  
   Adjust terminal dimensions or font size to display.   
                                                         
                           -or-                          
              Open this URL in your browser:             
                https://b.nodekit.run/1234               