  Sign this transaction to deregister your account keys: 
                                                         
           Scan the QR code with Pera or Defly           
       (make sure you use the testnet-v1.0 network)      
                                                         
              █████████████████████████████              
              ██ ▄▄▄▄▄ █▀█▄▀█▀█ ▀█ ▄▄▄▄▄ ██              
              ██ █   █ ██▀▄▀ █ █ █ █   █ ██              
              ██ █▄▄▄█ █▄▀▀▀█▀  ██ █▄▄▄█ ██              
              ██▄▄▄▄▄▄▄█▄█▄█▄▀ ▀ █▄▄▄▄▄▄▄██              
              ██▄▀ ▀ █▄▀▀  ▄█▄ █▀▀▀▀▄██ ▀██              
              ███▀ ▄▀▄▄▀▀█▄█▄▀▀█▀▄▀▀▀▄█ ▄██              
              ███▀█  ▀▄ █ ▄▀▄▄█▄█▀  ██▀ ▀██              
              ██▄▀█  ▄▄ █▄ █▀  ██▄▀█▄▄█▄▄██              
              ██▄███▄█▄▄▀▄▀█  █▀ ▄▄▄  █▀ ██              
              ██ ▄▄▄▄▄ ██▄ ▀▀▀▀█ █▄█ ██  ██              
              ██ █   █ █▄ ▀█ ▄▀▀ ▄▄  ▀█████              
              ██ █▄▄▄█ █▄▀ █▄▀ ▀▄▀▄  ▄▄▀▄██              
              ██▄▄▄▄▄▄▄█▄█▄██▄█▄▄▄▄▄███▄▄██              
                                                         
                           -or-                          
                                                         
               Click here to sign via Lora.              
                                                         
 Note: this will take effect after 320 rounds (15 mins.) 
Please keep your node online during this cooldown period.