       Scan the QR code with your wallet      
( make sure you use the testnet-v1.0 network )
                                              
       █████████████████████████████████      
       ██ ▄▄▄▄▄ █▀▀ ▄█▀▄██▀█ ▄█ ▄▄▄▄▄ ██      
       ██ █   █ ██▄█ █▀█▄██▄▀ █ █   █ ██      
       ██ █▄▄▄█ █▄ ▄▀▄▄▀▀ █  ▄█ █▄▄▄█ ██      
       ██▄▄▄▄▄▄▄█▄▀▄▀ █▄█ ▀▄▀▄█▄▄▄▄▄▄▄██      
       ██ ▀ █ ▀▄██▀█ ▀▀██  ▀██▀██▄█▀ ▀██      
       ██▄ ▀▄██▄ ▀▄ ▄▀▀ ▀▀▀█▀█▀  ▄▄█▄ ██      
       ██ ▄▀▄ █▄  ██▀▄█ █ ▄▀██ ▄█▄ █  ██      
       ██▀▄▀▀█▀▄▀▀▀ ██▄██▄▀ ▀▀█ ▄▀██ ▄██      
       ███▀██▀▄▄ ▄▀▀▀▄▀██▀ ▀▄██ ▀█▀█ ▀██      
       ██▄▀ ▀▄▄▄ ▄  █▀▀ ▀█▀▄▀▀▄▀▄▀▄▄▄▄██      
       ██▄█▄▄██▄█▀█▀███ ▄▀ █▀ ▄▄▄ █▀▀ ██      
       ██ ▄▄▄▄▄ ██▄█▄█▄█▀▀▀▀▄ █▄█ ██▄ ██      
       ██ █   █ █▄▄▄█▄▀██ ▄ █▄▄▄  ██▀ ██      
       ██ █▄▄▄█ █▄  ▄█▀ ██▀▀  ██▀ ▀▄▀▄██      
       ██▄▄▄▄▄▄▄█▄█▄███▄▄▄▄█▄▄████▄█▄▄██      
                                              
          click here to open in Lora          