          Scan the QR code with your wallet          
█████████████████████████████████████████████████████
██ ▄▄▄▄▄ █▀  █▄▀█▀ ▀▄  ▄   █▄ ▄█▄ ▄█▄ ▄▄▀▀ █ ▄▄▄▄▄ ██
██ █   █ ███▀ ▀▄█▄▀█▀▄▄   ▄▄▄█▄▀▄██   █▀█ ▄█ █   █ ██
██ █▄▄▄█ █▄ ▀ ██▀█▄ ██▄█ ▄▄▄ ███ █▄   ▄ ▀███ █▄▄▄█ ██
██▄▄▄▄▄▄▄█▄█ ▀▄█ █▄█ ▀▄▀ █▄█ █▄█▄▀ █▄▀ █▄█ █▄▄▄▄▄▄▄██
██▄▀▄█▄█▄██▄▀ ▀█▀ ▀██▄█▄▄▄▄ ▄  ▄▄▄ ███▄██ █▀█▀▄██ ▀██
██▀▀ ███▄▀▀  ▀▄██ ▄▀ ██▄▄▀▄▄█  ▄██▀ █▀ █▄▀▄ █▄ ▄▄ ▄██
██▄ █▄█▄▄█▀▄▀▄▄█ ▀▀ ██ ▄▀  █▄ ▄▄▄▀▄▀▄▄ █▄▄█▄▄█▄██ ▀██
██▄ ▀ █▀▄▀▀██▄█▄▄  ▀▄█▀█▀ ▄▄▄▀▄█▀▀▄▄▀ █▀█▄▀██▄██▄▄▄██
██▀▄▄▀▀ ▄██▀▄▄ ▀█▀█▀▄▀█▀▄ ▄▄▄ ▀█▀ ▀█▀ ▀▀▄▄▄██▄▄█▀█ ██
██▀█ ▀█▀▄▀█ █ ▄ ▄█▄▀▀ ▄██▄ ▄ ▄█▀▄▄▀█▄▄▀▄▀█▄▀▄ ▀█▄▄ ██
██▀▄ █  ▄▀▄▀▀▀▀▄▀▀ ▀▄████▄▄█▀▄▄▀▄▄ ▄▄█▄▄█▀█▀▄  ▀▀ ▀██
██ ▀▄▀ ▄▄▄  ▀▀██ ▀ ▀ ██▄ ▄▄▄ ▄█▀▀ ▀▀█▄██▄█ ▄▄▄ ▄█ ▄██
██   █ █▄█ █▄█ ▄██ ▀▀▄██ █▄█ ▄▄ ▄  ▄█▄ ▄▄█ █▄█ ██  ██
███ ▄ ▄ ▄▄▄ ▀▀▀ ▄▀▀█▄██▀ ▄▄ ▄▄  ▀▄  █▄ ▄█▄▄   ▄██▄▄██
██▀█▀ █ ▄▀▀ ▀▀█ █ ▀██ ▄▀██ ▄█▄▄▄██▄▀▄█ ▄▄▀▄▄█▄█▄█  ██
██▄ ██▄▄▄█▄▀█ ▀█▄▀▀   ▄▀██▀  ██▀██▄▀██▄▀██ █  █▄▄  ██
█████▄  ▄  ▄█ ▀▀ ▀ ▄▄▄▄▀ ▄▄  █▄ ▄█▄ ▄█▄▀▄█  ▀ ███ ▀██
██▄  ▄  ▄ ▄▄ ▄██▄▄▄  ▄█▀ █▄ ▄█ ▄▄▀ ▄▄█ ▀▄▀▀  █▄▄█  ██
██▀██▄▀▀▄█▀█▄▄▀▀ ▀█▄▀▄█▀▀▄█  █▄██   ▄▀▄▄▄█ ▄▄ ███▄ ██
███ ▀▀█▄▄█▄█ █ █▀█▀ ▄██ █▄▄▄▄▀█▄▀   █▄▄█▄██▄▄  ▄▄▄ ██
██▄▄▄███▄█▀   ▀█▀▄ ▀▄▀█▀ ▄▄▄   ▄▄  █▄  █▄▀ ▄▄▄  █ ▀██
██ ▄▄▄▄▄ ██▄  ▄ ▄▄ ▀▀▄█  █▄█ ▄ ▄▄█ ▄█ ▄▀ █ █▄█ ▄█▄ ██
██ █   █ █▄▀▀  ██  █▀█ ▀    ▄ ▄▄▄█▄██  ▄██ ▄▄▄ ▄▀█ ██
██ █▄▄▄█ █▄▀▀▄ ▄▀▀█  █▀  ▄  ▄ ▄▄▀ █▄▀▀▄█▀█ ██▄ █▄ ▄██
██▄▄▄▄▄▄▄█▄▄█▄██▄▄███▄▄▄▄██▄▄▄███▄███▄████▄▄█▄█▄█▄▄██
                                                     
              click here to open in Lora             