                                                        
Sign this transaction to register your account as online
                                                        
             Open this URL in your browser:             
                                                        
               https://b.nodekit.run/1234               
                                                        
