╭──Protocol────────────────────────────────────────────────────────────────────╮
│ Node: v0.0.0-test                                                            │
│ Network: test-v1                                                             │
│ Protocol Voting: true                                                        │
│ Upgrade Available: true                                                      │
│                                                                              │
╰──────────────────────────────────────────────────────────────────────────────╯